mvn : WARNING: A terminally deprecated method in sun.misc.Unsafe has been called
At line:1 char:1
+ mvn clean compile -DskipTests > build_output.txt 2>&1
+ ~~~~~~~~~~~~~~~~~~~~~~~~~~~~~~~~~~~~~~~~~~~~~~~~~~~~~
    + CategoryInfo              : NotSpecified: (W    ARNING: A term...has     been called:String) [    ], RemoteException
    + FullyQualifiedError    Id : NativeCommandErr    or
 
WARNING: sun.misc.Unsafe::staticFieldBase has been called by com.google.inject.internal.aop.HiddenClassDefiner 
(file:/C:/Users/Asus/OneDrive/Documents/Desktop/KL%20UNIVERSITY/EVENSEM/Software/apache-maven-3.9.11/lib/guice-5.1.0-classes.jar)
WARNING: Please consider reporting this to the maintainers of class com.google.inject.internal.aop.HiddenClassDefiner
WARNING: sun.misc.Unsafe::staticFieldBase will be removed in a future release
[INFO] Scanning for projects...
[INFO] 
[INFO] ----------------------< com.conference:platform >-----------------------
[INFO] Building Academic Conference Platform 0.0.1-SNAPSHOT
[INFO] --------------------------------[ jar ]---------------------------------
